// Jest Snapshot v1, https://goo.gl/fbAQLP

exports[`app renders root app component correctly 1`] = `
<DocumentFragment>
  <div>
    Welcome github actions!
  </div>
</DocumentFragment>
`;
